// Jest Snapshot v1, https://goo.gl/fbAQLP

exports[`Graphs view renders as expected 1`] = `
<div
  className="container"
>
  <Rockets />
  <Year />
</div>
`;
